[
  {
    "$ids": [
      "~:02023688018"
    ],
    "City": "STAVANGER",
    "Country": "NO",
    "Gender": "male",
    "GivenName": "Isak",
    "MiddleInitial": "E",
    "MoneyUsed": "19392",
    "Municipality": "STAVANGER",
    "Number": "100",
    "StreetAddress": "Frodegaten gate",
    "Surname": "Eikeland",
    "TimesOrdered": "16",
    "Title": "Mr.",
    "Username": "Mays1944",
    "ZipCode": "4017",
    "_id": "02023688018",
    "baz": null,
    "kategori": "G",
    "kommunenavn": "STAVANGER",
    "kommunenummer": "1103",
    "kommunenummer-ni": "~:1103",
    "postnummer": "4017",
    "postnummer-ni": "~:4017",
    "poststed": "STAVANGER",
    "test": null,
    "type": "~:postnummer"
  },
  {
    "$ids": [
      "~:05064951171"
    ],
    "City": "HØNEFOSS",
    "Country": "NO",
    "EmailAddress": "RuneWold@armyspy.com",
    "Gender": "male",
    "GivenName": "Rune",
    "MiddleInitial": "E",
    "Municipality": "RINGERIKE",
    "Number": "73",
    "SSN": "05064951171",
    "StreetAddress": "Norderhovsgata 63",
    "Surname": "Wold",
    "Title": "Mr.",
    "Username": "Weralause",
    "ZipCode": "3510",
    "_id": "05064951171",
    "baz": null,
    "kategori": "G",
    "kommunenavn": "RINGERIKE",
    "kommunenummer": "605",
    "kommunenummer-ni": "~:605",
    "postnummer": "3510",
    "postnummer-ni": "~:3510",
    "poststed": "HØNEFOSS",
    "test": null,
    "type": "~:postnummer"
  },
  {
    "$ids": [
      "~:07033589977"
    ],
    "City": "BERGEN",
    "Country": "NO",
    "Gender": "male",
    "GivenName": "Dennis",
    "MiddleInitial": "L",
    "MoneyUsed": "15878",
    "Municipality": "BERGEN",
    "Number": "3",
    "StreetAddress": "Gydas vei",
    "Surname": "Olsen",
    "TimesOrdered": "13",
    "Title": "Mr.",
    "Username": "Gotin1984",
    "ZipCode": "5003",
    "_id": "07033589977",
    "baz": null,
    "kategori": "G",
    "kommunenavn": "BERGEN",
    "kommunenummer": "1201",
    "kommunenummer-ni": "~:1201",
    "postnummer": "5003",
    "postnummer-ni": "~:5003",
    "poststed": "BERGEN",
    "test": null,
    "type": "~:postnummer"
  },
  {
    "$ids": [
      "~:09046987892"
    ],
    "City": "RÅDAL",
    "Country": "NO",
    "Gender": "male",
    "GivenName": "Lars",
    "MiddleInitial": "A",
    "MoneyUsed": "13798",
    "Municipality": "BERGEN",
    "Number": "2",
    "StreetAddress": "Øvre 12",
    "Surname": "Evjen",
    "TimesOrdered": "3",
    "Title": "Mr.",
    "Username": "Wimen1979",
    "ZipCode": "5239",
    "_id": "09046987892",
    "baz": null,
    "kategori": "G",
    "kommunenavn": "BERGEN",
    "kommunenummer": "1201",
    "kommunenummer-ni": "~:1201",
    "postnummer": "5239",
    "postnummer-ni": "~:5239",
    "poststed": "RÅDAL",
    "test": null,
    "type": "~:postnummer"
  },
  {
    "$ids": [
      "~:1",
      "~:23072451376",
      "~:0"
    ],
    "Address": "Helmers vei 242",
    "City": "LAKSEVÅG",
    "Country": "NO",
    "Customerid": "1",
    "EmailAddress": "LauritsBerg@armyspy.com",
    "FirstName": "Torjus",
    "Gender": "male",
    "GivenName": "Torjus",
    "LastName": "Sand",
    "MiddleInitial": "M",
    "Municipality": "BERGEN",
    "Number": "1",
    "PostalCode": "5163",
    "SSN": "23072451376",
    "StreetAddress": "Helmers vei 242",
    "Surname": "Sand",
    "Title": "Mr.",
    "Username": "Unjudosely",
    "ZipCode": "5163",
    "_id": "1",
    "baz": null,
    "kategori": "G",
    "kommunenavn": "BERGEN",
    "kommunenummer": "1201",
    "kommunenummer-ni": "~:1201",
    "phone_number": 29398319,
    "postnummer": "5163",
    "postnummer-ni": "~:5163",
    "poststed": "LAKSEVÅG",
    "test": null,
    "type": "~:postnummer"
  },
  {
    "$ids": [
      "~:100",
      "~:02023688018"
    ],
    "Address": "Nadderudåsen 186",
    "City": "BEKKESTUA",
    "Country": "NO",
    "Customerid": "100",
    "EmailAddress": "IsakEikeland@teleworm.us",
    "FirstName": "Isak",
    "Gender": "male",
    "GivenName": "Isak",
    "LastName": "Eikeland",
    "MiddleInitial": "E",
    "Municipality": "BÆRUM",
    "Number": "100",
    "PostalCode": "1357",
    "SSN": "02023688018",
    "StreetAddress": "Nadderudåsen 186",
    "Surname": "Eikeland",
    "Title": "Mr.",
    "Username": "Mays1944",
    "ZipCode": "1357",
    "_id": "100",
    "baz": null,
    "kategori": "G",
    "kommunenavn": "BÆRUM",
    "kommunenummer": "219",
    "kommunenummer-ni": "~:219",
    "postnummer": "1357",
    "postnummer-ni": "~:1357",
    "poststed": "BEKKESTUA",
    "test": null,
    "type": "~:postnummer"
  },
  {
    "$ids": [
      "~:12032920177"
    ],
    "City": "KONGSVINGER",
    "Country": "NO",
    "Gender": "male",
    "GivenName": "Caspian",
    "MiddleInitial": "I",
    "MoneyUsed": "11923",
    "Municipality": "KONGSVINGER",
    "Number": "93",
    "StreetAddress": "Lindøy Løkkavei",
    "Surname": "Nygård",
    "TimesOrdered": "12",
    "Title": "Mr.",
    "Username": "Aney1996",
    "ZipCode": "2213",
    "_id": "12032920177",
    "baz": null,
    "kategori": "G",
    "kommunenavn": "KONGSVINGER",
    "kommunenummer": "402",
    "kommunenummer-ni": "~:402",
    "postnummer": "2213",
    "postnummer-ni": "~:2213",
    "poststed": "KONGSVINGER",
    "test": null,
    "type": "~:postnummer"
  },
  {
    "$ids": [
      "~:12052427741"
    ],
    "City": "VOLLEN",
    "Country": "NO",
    "Gender": "male",
    "GivenName": "Aleksander",
    "MiddleInitial": "M",
    "MoneyUsed": "1014",
    "Municipality": "ASKER",
    "Number": "10",
    "StreetAddress": "Drengs 36",
    "Surname": "Ommundsen",
    "TimesOrdered": "17",
    "Title": "Mr.",
    "Username": "Grale1949",
    "ZipCode": "1390",
    "_id": "12052427741",
    "baz": null,
    "kategori": "G",
    "kommunenavn": "ASKER",
    "kommunenummer": "220",
    "kommunenummer-ni": "~:220",
    "postnummer": "1390",
    "postnummer-ni": "~:1390",
    "poststed": "VOLLEN",
    "test": null,
    "type": "~:postnummer"
  },
  {
    "$ids": [
      "~:14032547069"
    ],
    "City": "HALDEN",
    "Country": "NO",
    "EmailAddress": "WilliamFauske@jourrapide.com",
    "Gender": "male",
    "GivenName": "William",
    "MiddleInitial": "H",
    "Municipality": "HALDEN",
    "Number": "74",
    "SSN": "14032547069",
    "StreetAddress": "Bøkleva 141",
    "Surname": "Fauske",
    "Title": "Mr.",
    "Username": "Shemas",
    "ZipCode": "1766",
    "_id": "14032547069",
    "baz": null,
    "kategori": "G",
    "kommunenavn": "HALDEN",
    "kommunenummer": "101",
    "kommunenummer-ni": "~:101",
    "postnummer": "1766",
    "postnummer-ni": "~:1766",
    "poststed": "HALDEN",
    "test": null,
    "type": "~:postnummer"
  },
  {
    "$ids": [
      "~:14085111225"
    ],
    "City": "MOSJØEN",
    "Country": "NO",
    "Gender": "female",
    "GivenName": "Erika",
    "MiddleInitial": "L",
    "MoneyUsed": "4021",
    "Municipality": "VEFSN",
    "Number": "9",
    "StreetAddress": "Tiurvegen vei",
    "Surname": "Olsen",
    "TimesOrdered": "1",
    "Title": "Mrs.",
    "Username": "Whavillat",
    "ZipCode": "8657",
    "_id": "14085111225",
    "baz": null,
    "kategori": "G",
    "kommunenavn": "VEFSN",
    "kommunenummer": "1824",
    "kommunenummer-ni": "~:1824",
    "postnummer": "8657",
    "postnummer-ni": "~:8657",
    "poststed": "MOSJØEN",
    "test": null,
    "type": "~:postnummer"
  },
  {
    "$ids": [
      "~:19125622937"
    ],
    "City": "SKIEN",
    "Country": "NO",
    "Gender": "male",
    "GivenName": "David",
    "MiddleInitial": "M",
    "MoneyUsed": "4475",
    "Municipality": "SKIEN",
    "Number": "91",
    "StreetAddress": "Hesjejordet 83",
    "Surname": "Berntsen",
    "TimesOrdered": "14",
    "Title": "Mr.",
    "Username": "Thret1941",
    "ZipCode": "3739",
    "_id": "19125622937",
    "baz": null,
    "kategori": "G",
    "kommunenavn": "SKIEN",
    "kommunenummer": "806",
    "kommunenummer-ni": "~:806",
    "postnummer": "3739",
    "postnummer-ni": "~:3739",
    "poststed": "SKIEN",
    "test": null,
    "type": "~:postnummer"
  },
  {
    "$ids": [
      "~:2",
      "~:09046987892",
      "~:1"
    ],
    "Address": "Frognerveien 60",
    "City": "NØTTERØY",
    "Country": "NO",
    "Customerid": "2",
    "EmailAddress": "AleksanderOmmundsen@armyspy.com",
    "FirstName": "Lars",
    "Gender": "male",
    "GivenName": "Lars",
    "LastName": "Evjen",
    "MiddleInitial": "A",
    "Municipality": "NØTTERØY",
    "Number": "2",
    "PostalCode": "3121",
    "SSN": "09046987892",
    "StreetAddress": "Frognerveien 60",
    "Surname": "Evjen",
    "Title": "Mr.",
    "Username": "Wimen1979",
    "ZipCode": "3121",
    "_id": "2",
    "baz": null,
    "kategori": "G",
    "kommunenavn": "NØTTERØY",
    "kommunenummer": "722",
    "kommunenummer-ni": "~:722",
    "phone_number": 24723752,
    "postnummer": "3121",
    "postnummer-ni": "~:3121",
    "poststed": "NØTTERØY",
    "test": null,
    "type": "~:postnummer"
  },
  {
    "$ids": [
      "~:22035964477"
    ],
    "City": "ASKER",
    "Country": "NO",
    "Gender": "female",
    "GivenName": "Camilla",
    "MiddleInitial": "M",
    "MoneyUsed": "17926",
    "Municipality": "ASKER",
    "Number": "81",
    "StreetAddress": "Stortuveien Solheims",
    "Surname": "Wilhelmsen",
    "TimesOrdered": "19",
    "Title": "Ms.",
    "Username": "Shenclace",
    "ZipCode": "1385",
    "_id": "22035964477",
    "baz": null,
    "kategori": "G",
    "kommunenavn": "ASKER",
    "kommunenummer": "220",
    "kommunenummer-ni": "~:220",
    "postnummer": "1385",
    "postnummer-ni": "~:1385",
    "poststed": "ASKER",
    "test": null,
    "type": "~:postnummer"
  },
  {
    "$ids": [
      "~:26026727498"
    ],
    "City": "NØTTERØY",
    "Country": "NO",
    "Gender": "male",
    "GivenName": "Lucas",
    "MiddleInitial": "T",
    "MoneyUsed": "2527",
    "Municipality": "NØTTERØY",
    "Number": "90",
    "StreetAddress": "Storheia 10",
    "Surname": "Lie",
    "TimesOrdered": "18",
    "Title": "Mr.",
    "Username": "Briver",
    "ZipCode": "3121",
    "_id": "26026727498",
    "baz": null,
    "kategori": "G",
    "kommunenavn": "NØTTERØY",
    "kommunenummer": "722",
    "kommunenummer-ni": "~:722",
    "postnummer": "3121",
    "postnummer-ni": "~:3121",
    "poststed": "NØTTERØY",
    "test": null,
    "type": "~:postnummer"
  },
  {
    "$ids": [
      "~:27035223852"
    ],
    "City": "SKIEN",
    "Country": "NO",
    "Gender": "male",
    "GivenName": "Sebastian",
    "MiddleInitial": "T",
    "MoneyUsed": "13935",
    "Municipality": "SKIEN",
    "Number": "99",
    "StreetAddress": "Kværnerveien 148",
    "Surname": "Skjold",
    "TimesOrdered": "18",
    "Title": "Mr.",
    "Username": "Theimence",
    "ZipCode": "3732",
    "_id": "27035223852",
    "baz": null,
    "kategori": "G",
    "kommunenavn": "SKIEN",
    "kommunenummer": "806",
    "kommunenummer-ni": "~:806",
    "postnummer": "3732",
    "postnummer-ni": "~:3732",
    "poststed": "SKIEN",
    "test": null,
    "type": "~:postnummer"
  },
  {
    "$ids": [
      "~:3"
    ],
    "EmailAddress": "KasperAndersen@fleckens.hu",
    "Username": "Slin1956",
    "_id": "3",
    "baz": null,
    "phone_number": 91794756,
    "test": null,
    "type": "~:userprofile"
  },
  {
    "$ids": [
      "~:3",
      "~:07033589977",
      "~:2"
    ],
    "Address": "Gydas gate 227",
    "City": "SKIEN",
    "Country": "NO",
    "Customerid": "3",
    "EmailAddress": "MariZielinski@gustr.com",
    "FirstName": "Dennis",
    "Gender": "male",
    "GivenName": "Dennis",
    "LastName": "Olsen",
    "MiddleInitial": "L",
    "Municipality": "SKIEN",
    "Number": "3",
    "PostalCode": "3732",
    "SSN": "07033589977",
    "StreetAddress": "Gydas gate 227",
    "Surname": "Olsen",
    "Title": "Mr.",
    "Username": "Gotin1984",
    "ZipCode": "3732",
    "_id": "3",
    "baz": null,
    "kategori": "G",
    "kommunenavn": "SKIEN",
    "kommunenummer": "806",
    "kommunenummer-ni": "~:806",
    "phone_number": 14483792,
    "postnummer": "3732",
    "postnummer-ni": "~:3732",
    "poststed": "SKIEN",
    "test": null,
    "type": "~:postnummer"
  },
  {
    "$ids": [
      "~:4"
    ],
    "EmailAddress": "LucasLie@gustr.com",
    "Username": "Firejus",
    "_id": "4",
    "baz": null,
    "phone_number": 22786513,
    "test": null,
    "type": "~:userprofile"
  },
  {
    "$ids": [
      "~:5"
    ],
    "EmailAddress": "DavidBerntsen@armyspy.com",
    "Username": "Somper",
    "_id": "5",
    "baz": null,
    "phone_number": 27661595,
    "test": null,
    "type": "~:userprofile"
  },
  {
    "$ids": [
      "~:6"
    ],
    "EmailAddress": "MajaSrli@teleworm.us",
    "Username": "Zably1991",
    "_id": "6",
    "baz": null,
    "phone_number": 67558820,
    "test": null,
    "type": "~:userprofile"
  },
  {
    "$ids": [
      "~:7"
    ],
    "EmailAddress": "MariaBerg@superrito.com",
    "Username": "Hicar1971",
    "_id": "7",
    "baz": null,
    "phone_number": 66261922,
    "test": null,
    "type": "~:userprofile"
  },
  {
    "$ids": [
      "~:8"
    ],
    "EmailAddress": "AmalieJakobsen@armyspy.com",
    "Username": "Whavillat",
    "_id": "8",
    "baz": null,
    "phone_number": 42764125,
    "test": null,
    "type": "~:userprofile"
  },
  {
    "$ids": [
      "~:80"
    ],
    "Address": "Zetlitzveien 241",
    "Customerid": "80",
    "EmailAddress": "JulieAndersen@superrito.com",
    "FirstName": "Julie",
    "Gender": "female",
    "LastName": "Andersen",
    "MiddleInitial": "I",
    "PostalCode": "4017",
    "SSN": "16115430967",
    "Username": "Glingraps",
    "_id": "80",
    "baz": null,
    "test": null,
    "type": "~:person"
  },
  {
    "$ids": [
      "~:81"
    ],
    "Address": "Kong Trygves vei 32",
    "Customerid": "81",
    "EmailAddress": "CamillaWilhelmsen@dayrep.com",
    "FirstName": "Camilla",
    "Gender": "female",
    "LastName": "Wilhelmsen",
    "MiddleInitial": "M",
    "PostalCode": "3125",
    "SSN": "22035964477",
    "Username": "Shenclace",
    "_id": "81",
    "baz": null,
    "test": null,
    "type": "~:person"
  },
  {
    "$ids": [
      "~:9"
    ],
    "EmailAddress": "OskarBirkeland@einrot.com",
    "Username": "Grale1949",
    "_id": "9",
    "baz": null,
    "phone_number": 25406855,
    "test": null,
    "type": "~:userprofile"
  },
  {
    "$ids": [
      "~:90",
      "~:26026727498"
    ],
    "Address": "Fagerliveien 108",
    "City": "FREDRIKSTAD",
    "Country": "NO",
    "Customerid": "90",
    "EmailAddress": "LucasLie@cuvox.de",
    "FirstName": "Lucas",
    "Gender": "male",
    "GivenName": "Lucas",
    "LastName": "Lie",
    "MiddleInitial": "T",
    "Municipality": "FREDRIKSTAD",
    "Number": "90",
    "PostalCode": "1605",
    "SSN": "26026727498",
    "StreetAddress": "Fagerliveien 108",
    "Surname": "Lie",
    "Title": "Mr.",
    "Username": "Briver",
    "ZipCode": "1605",
    "_id": "90",
    "baz": null,
    "kategori": "G",
    "kommunenavn": "FREDRIKSTAD",
    "kommunenummer": "106",
    "kommunenummer-ni": "~:106",
    "postnummer": "1605",
    "postnummer-ni": "~:1605",
    "poststed": "FREDRIKSTAD",
    "test": null,
    "type": "~:postnummer"
  },
  {
    "$ids": [
      "~:91",
      "~:19125622937"
    ],
    "Address": "Åsmostubben 19",
    "City": "JESSHEIM",
    "Country": "NO",
    "Customerid": "91",
    "EmailAddress": "DavidBerntsen@superrito.com",
    "FirstName": "David",
    "Gender": "male",
    "GivenName": "David",
    "LastName": "Berntsen",
    "MiddleInitial": "M",
    "Municipality": "ULLENSAKER",
    "Number": "91",
    "PostalCode": "2052",
    "SSN": "19125622937",
    "StreetAddress": "Åsmostubben 19",
    "Surname": "Berntsen",
    "Title": "Mr.",
    "Username": "Thret1941",
    "ZipCode": "2052",
    "_id": "91",
    "baz": null,
    "kategori": "G",
    "kommunenavn": "ULLENSAKER",
    "kommunenummer": "235",
    "kommunenummer-ni": "~:235",
    "postnummer": "2052",
    "postnummer-ni": "~:2052",
    "poststed": "JESSHEIM",
    "test": null,
    "type": "~:postnummer"
  },
  {
    "$ids": [
      "~:93",
      "~:12032920177"
    ],
    "Address": "Kongens gate 69",
    "City": "OSLO",
    "Country": "NO",
    "Customerid": "93",
    "EmailAddress": "CaspianNygard@einrot.com",
    "FirstName": "Caspian",
    "Gender": "male",
    "GivenName": "Caspian",
    "LastName": "Nygård",
    "MiddleInitial": "I",
    "Municipality": "OSLO",
    "Number": "93",
    "PostalCode": "0153",
    "SSN": "12032920177",
    "StreetAddress": "Kongens gate 69",
    "Surname": "Nygård",
    "Title": "Mr.",
    "Username": "Aney1996",
    "ZipCode": "0153",
    "_id": "93",
    "baz": null,
    "kategori": "G",
    "kommunenavn": "OSLO",
    "kommunenummer": "301",
    "kommunenummer-ni": "~:301",
    "postnummer": "0153",
    "postnummer-ni": "~:0153",
    "poststed": "OSLO",
    "test": null,
    "type": "~:postnummer"
  },
  {
    "$ids": [
      "~:99",
      "~:27035223852"
    ],
    "Address": "Sommerfjøsvegen 143",
    "City": "HEIMDAL",
    "Country": "NO",
    "Customerid": "99",
    "EmailAddress": "SebastianSkjold@dayrep.com",
    "FirstName": "Sebastian",
    "Gender": "male",
    "GivenName": "Sebastian",
    "LastName": "Skjold",
    "MiddleInitial": "T",
    "Municipality": "TRONDHEIM",
    "Number": "99",
    "PostalCode": "7089",
    "SSN": "27035223852",
    "StreetAddress": "Sommerfjøsvegen 143",
    "Surname": "Skjold",
    "Title": "Mr.",
    "Username": "Theimence",
    "ZipCode": "7089",
    "_id": "99",
    "baz": null,
    "kategori": "G",
    "kommunenavn": "TRONDHEIM",
    "kommunenummer": "1601",
    "kommunenummer-ni": "~:1601",
    "postnummer": "7089",
    "postnummer-ni": "~:7089",
    "poststed": "HEIMDAL",
    "test": null,
    "type": "~:postnummer"
  }
]
